---
source: src/tests/mod.rs
expression: tree_shake(input)
input_file: src/tests/fixtures/mangling/object_property.js
---
export function plain_object(aaa, bbb) {
	const obj = {
		a: aaa,
		b: bbb
	};
	console.log(obj.a);
	console.log(obj.b);
}
export function computed_property(unknown, aaa, bbb) {
	const key = unknown ? "a" : "b";
	const obj = {
		a: aaa,
		b: bbb
	};
	console.log(obj[key]);
}
export function property_via_destructuring(aaa, bbb) {
	const { a: foo, b: bar } = {
		a: aaa,
		b: bbb
	};
	console.log(foo);
	console.log(bar);
}
export function with_rest(__unused_7A33, bbb) {
	const { a: __unused_EBAD,...rest } = { bar: bbb };
	console.log(rest.bar);
}
export function dynamic_destructuring(unknown, aaa, bbb) {
	const { [unknown ? "a" : "b"]: value } = {
		a: aaa,
		b: bbb
	};
	console.log(value);
}
