---
source: src/tests/mod.rs
expression: result
---
export function f() {
	return 1;
}
