---
source: src/tests/mod.rs
expression: output
---
export let a = 2;
export { b };
let { b } = {
	b: 2,
	d: effect
};
effect4;
if (effect) effect5;
while (effect7);
