---
source: src/tests/mod.rs
expression: tree_shake(&input)
input_file: src/tests/fixtures/arrow_function_expression.js
---
export const fn1 = () => {
	return 1;
};
export const fn2 = (a) => {
	return a;
};
export const fn3 = (__unused_6FFE) => {
	return "2a" + b;
};
