---
source: src/tests/mod.rs
expression: tree_shake(&input)
input_file: src/tests/fixtures/while_statement.js
---
export function main() {
	while (effect);
	while (sth) {
		effect1;
		break;
		effect2;
	}
	while (sth) {
		effect1;
		return;
	}
	while (sth1) {
		effect1;
		while (sth2) {
			effect2;
			break;
			effect3;
		}
		effect2;
	}
}
