---
source: src/tests/mod.rs
expression: tree_shake(&input)
input_file: src/tests/fixtures/module_declaration.js
---
export function f1(a) {
	effect(a);
	return 1;
}
export const f2 = (a) => {
	effect(a);
	return 1;
};
export const t = 123;
export default "123," + f2;
