---
source: src/tests/mod.rs
expression: tree_shake(input)
input_file: src/tests/fixtures/do_while_statement.js
---
export function main() {
	{
		{
			effect(1);
		}
		effect(2);
	}
	do 
		;
	while (3);
}
