---
source: src/tests/mod.rs
expression: tree_shake(input)
input_file: src/tests/fixtures/var_declaration.js
---
export function main() {
	{
		effect(1);
	}
	effect(1);
}
effect(x);
