---
source: src/tests/mod.rs
expression: tree_shake(&input)
input_file: src/tests/fixtures/demo_in_readme.js
---
export function f() {
	return 1;
}
