---
source: src/tests/mod.rs
expression: result
---
let x = 1;
export function f1(__unused_0) {
	return 1;
}
export const t = 1;
export function f2() {
	effect;
}
f2();
const __unused_1 = f2();
