---
source: crates/tree_shaker/tests/mod.rs
expression: do_tree_shake(input)
input_file: crates/tree_shaker/tests/fixtures/react/jsx.js
---
// @react-jsx
function Comp() {
	const __unused_FD45 = effect();
	return <div>
      {"1"}
      {}
    </div>;
}
export function main() {
	return <Comp>
      <div />
      Hello
    </Comp>;
}
