---
source: crates/tree_shaker/tests/mod.rs
expression: do_tree_shake(input)
input_file: crates/tree_shaker/tests/fixtures/demo_in_readme.js
---
// @minify
export function f() {
	return 1;
}
