---
source: crates/tree_shaker/tests/mod.rs
expression: do_tree_shake(input)
input_file: crates/tree_shaker/tests/fixtures/mangling/jsx.js
---
// @react-jsx
function Comp({ a: propName }) {
	return <div>
      {propName}
    </div>;
}
export function main(aaa) {
	return <Comp a={aaa}>
    </Comp>;
}
